#-----------------------------------------------------------
# Vivado v2023.1 (64-bit)
# SW Build 3865809 on Sun May  7 15:05:29 MDT 2023
# IP Build 3864474 on Sun May  7 20:36:21 MDT 2023
# SharedData Build 3865790 on Sun May 07 13:33:03 MDT 2023
# Start of session at: Fri Nov  3 22:19:59 2023
# Process ID: 6764
# Current directory: C:/Users/tannerkleintop/Desktop/CMPEN 311/CMPEN331_Lab4
# Command line: vivado.exe -gui_launcher_event rodinguilauncherevent12756 C:\Users\tannerkleintop\Desktop\CMPEN 311\CMPEN331_Lab4\CMPEN331_Lab4.xpr
# Log file: C:/Users/tannerkleintop/Desktop/CMPEN 311/CMPEN331_Lab4/vivado.log
# Journal file: C:/Users/tannerkleintop/Desktop/CMPEN 311/CMPEN331_Lab4\vivado.jou
# Running On: TANNERKLEINTOP, OS: Windows, CPU Frequency: 3200 MHz, CPU Physical cores: 1, Host memory: 8584 MB
#-----------------------------------------------------------
start_gui
open_project {C:/Users/tannerkleintop/Desktop/CMPEN 311/CMPEN331_Lab4/CMPEN331_Lab4.xpr}
update_compile_order -fileset sources_1
synth_design -rtl -rtl_skip_mlo -name rtl_1
refresh_design
refresh_design
launch_simulation
source TestBench.tcl
close_sim
close_project
open_project {C:/Users/tannerkleintop/Desktop/CMPEN 311/CMPEN331_Lab3/CMPEN331_Lab3.xpr}
launch_simulation
source TestBench.tcl
update_compile_order -fileset sources_1
close_sim
close_project
open_project {C:/Users/tannerkleintop/Desktop/CMPEN 311/CMPEN331_Lab4/CMPEN331_Lab4.xpr}
launch_simulation
source TestBench.tcl
update_compile_order -fileset sources_1
close_sim
