#-----------------------------------------------------------
# Vivado v2023.1 (64-bit)
# SW Build 3865809 on Sun May  7 15:05:29 MDT 2023
# IP Build 3864474 on Sun May  7 20:36:21 MDT 2023
# SharedData Build 3865790 on Sun May 07 13:33:03 MDT 2023
# Start of session at: Thu Nov  2 18:35:47 2023
# Process ID: 19960
# Current directory: C:/Users/tannerkleintop/Desktop/CMPEN 311/CMPEN331_Lab4
# Command line: vivado.exe -gui_launcher_event rodinguilauncherevent19408 C:\Users\tannerkleintop\Desktop\CMPEN 311\CMPEN331_Lab4\CMPEN331_Lab4.xpr
# Log file: C:/Users/tannerkleintop/Desktop/CMPEN 311/CMPEN331_Lab4/vivado.log
# Journal file: C:/Users/tannerkleintop/Desktop/CMPEN 311/CMPEN331_Lab4\vivado.jou
# Running On: TANNERKLEINTOP, OS: Windows, CPU Frequency: 3200 MHz, CPU Physical cores: 1, Host memory: 8584 MB
#-----------------------------------------------------------
start_gui
open_project {C:/Users/tannerkleintop/Desktop/CMPEN 311/CMPEN331_Lab4/CMPEN331_Lab4.xpr}
update_compile_order -fileset sources_1
synth_design -top Datapath -part xc7z010clg400-1 -lint 
synth_design -rtl -rtl_skip_mlo -name rtl_1
launch_simulation
source TestBench.tcl
close_sim
